  40 turns
  80 turns
  120 turns
  160 turns
  200 turns
  240 turns
  280 turns
  320 turns
  360 turns
  400 turns
  440 turns
  480 turns
  520 turns
  560 turns
  600 turns
  640 turns
  680 turns
  720 turns
  760 turns
  800 turns
annotated 800

                 assistant act  default_q5  human_style    diff   human
                  Move Verdict        62.5         62.8    +0.2    41.0
                  Board Report        42.2         33.5    -8.8    41.4
           Local Justification        84.2         84.5    +0.2    74.9
                   Worked Line        23.0         14.8    -8.2    11.4
             General Principle        46.2         51.5    +5.2    59.4
                          Hint         5.5          9.0    +3.5    26.3
                        Prompt         7.5         11.5    +4.0    29.3
Comprehension Gauging Question         0.0          0.0    +0.0     0.0
                    Paraphrase         0.8          0.5    -0.2     1.2
             Positive Feedback         9.0          9.2    +0.2     9.2
             Negative Feedback         8.0          8.0    +0.0    11.9
              Neutral Feedback         9.2          9.2    +0.0     8.7
  turns coded: default_q5 400, human_style 400
