    (HTTP 429: waiting 2s, attempt 1)
    (HTTP 429: waiting 2s, attempt 1)
    (HTTP 429: waiting 4s, attempt 2)
    (HTTP 429: waiting 2s, attempt 1)
    (HTTP 429: waiting 4s, attempt 2)
    (HTTP 429: waiting 2s, attempt 1)
    (HTTP 429: waiting 4s, attempt 2)
    (HTTP 429: waiting 2s, attempt 1)
    (HTTP 429: waiting 4s, attempt 2)
    (HTTP 429: waiting 2s, attempt 1)
    (HTTP 429: waiting 4s, attempt 2)
    (HTTP 429: waiting 2s, attempt 1)
    (HTTP 429: waiting 4s, attempt 2)
    (HTTP 429: waiting 2s, attempt 1)
    (HTTP 429: waiting 4s, attempt 2)
    (HTTP 429: waiting 2s, attempt 1)
    (HTTP 429: waiting 4s, attempt 2)
    (HTTP 429: waiting 2s, attempt 1)
    (HTTP 429: waiting 4s, attempt 2)
    (HTTP 429: waiting 8s, attempt 3)
    (HTTP 429: waiting 2s, attempt 1)
    (HTTP 429: waiting 4s, attempt 2)
    (HTTP 429: waiting 8s, attempt 3)
    (HTTP 429: waiting 2s, attempt 1)
    (HTTP 429: waiting 2s, attempt 1)
    (HTTP 429: waiting 4s, attempt 2)
    (HTTP 429: waiting 2s, attempt 1)
    (HTTP 429: waiting 4s, attempt 2)
    (HTTP 429: waiting 2s, attempt 1)
    (HTTP 429: waiting 4s, attempt 2)
    (moonshotai/Kimi-K2.6: max_tokens 200000 -> 50000)
    (HTTP 429: waiting 2s, attempt 1)
    (HTTP 429: waiting 4s, attempt 2)
    (HTTP 429: waiting 2s, attempt 1)
    (HTTP 429: waiting 2s, attempt 1)
round 0 oc20260727   ai=True  questions=5 6/6 optimal  won=True
round 1 b220260706   ai=False questions=0 1/2 optimal  won=False
round 1 bg20260726   ai=False questions=0 2/3 optimal  won=False
