  40 turns
2026/08/13 18:57:17 WARNING dspy.adapters.json_adapter: Failed to use structured output format, falling back to JSON mode.
  80 turns
  120 turns
  160 turns
  200 turns
  240 turns
  280 turns
annotated 297

               assistant act  baseline  -conceptQ   diff  -thinkAloud   diff
                Move Verdict      67.7       71.7   +4.0         73.7   +6.1  <== predicted
                Board Report      31.3       32.3   +1.0         24.2   -7.1  <== predicted
         Local Justification      93.9       88.9   -5.1         92.9   -1.0
                 Worked Line      16.2        6.1  -10.1          7.1   -9.1
           General Principle      51.5       43.4   -8.1         42.4   -9.1
                        Hint       4.0        5.1   +1.0          7.1   +3.0  <== predicted
                      Prompt       9.1        9.1   +0.0          9.1   +0.0
Comprehension Gauging Question       0.0        0.0   +0.0          0.0   +0.0
                  Paraphrase       0.0        0.0   +0.0          0.0   +0.0
           Positive Feedback      10.1       10.1   +0.0          7.1   -3.0
           Negative Feedback       8.1       10.1   +2.0          1.0   -7.1
            Neutral Feedback      16.2       15.2   -1.0         11.1   -5.1
  turns: baseline 99, no_concept_q 99, no_think_aloud 99
