Traceback (most recent call last):
  File "/data/home/siyanli/miniconda3/envs/citrus/lib/python3.10/site-packages/pydantic_ai/_output.py", line 205, in run_output_process_hooks
    result = await capability.wrap_output_process(
  File "/data/home/siyanli/miniconda3/envs/citrus/lib/python3.10/site-packages/pydantic_ai/capabilities/combined.py", line 638, in wrap_output_process
    return await chain(output)
  File "/data/home/siyanli/miniconda3/envs/citrus/lib/python3.10/site-packages/pydantic_ai/capabilities/combined.py", line 786, in wrapped
    return await cap.wrap_output_process(
  File "/data/home/siyanli/miniconda3/envs/citrus/lib/python3.10/site-packages/pydantic_ai/capabilities/abstract.py", line 898, in wrap_output_process
    return await handler(output)
  File "/data/home/siyanli/miniconda3/envs/citrus/lib/python3.10/site-packages/pydantic_ai/capabilities/combined.py", line 786, in wrapped
    return await cap.wrap_output_process(
  File "/data/home/siyanli/miniconda3/envs/citrus/lib/python3.10/site-packages/pydantic_ai/capabilities/abstract.py", line 898, in wrap_output_process
    return await handler(output)
  File "/data/home/siyanli/miniconda3/envs/citrus/lib/python3.10/site-packages/pydantic_ai/_output.py", line 337, in do_process
    result = await validator.validate(result, run_context)
  File "/data/home/siyanli/miniconda3/envs/citrus/lib/python3.10/site-packages/pydantic_ai/_output.py", line 438, in validate
    return await _utils.run_in_executor(function, *args)
  File "/data/home/siyanli/miniconda3/envs/citrus/lib/python3.10/site-packages/pydantic_ai/_utils.py", line 121, in run_in_executor
    return await run_sync(wrapped_func)
  File "/data/home/siyanli/miniconda3/envs/citrus/lib/python3.10/site-packages/anyio/to_thread.py", line 63, in run_sync
    return await get_async_backend().run_sync_in_worker_thread(
  File "/data/home/siyanli/miniconda3/envs/citrus/lib/python3.10/site-packages/anyio/_backends/_asyncio.py", line 2518, in run_sync_in_worker_thread
    return await future
  File "/data/home/siyanli/miniconda3/envs/citrus/lib/python3.10/site-packages/anyio/_backends/_asyncio.py", line 1002, in run
    result = context.run(func, *args)
  File "/data/home/siyanli/agentic_sim/bad_user_sim/agentic_sim.py", line 109, in must_finish_the_puzzle
    raise ModelRetry(
pydantic_ai.exceptions.ModelRetry: You have not finished the puzzle yet. Naming a square in your reply does NOT play it — you must call the play_move tool. Keep playing until the board is finished.

Othello endgame. You are Black (B); White (W) is your opponent.

Board — row 1 is the TOP row, column a is the LEFTMOST column.
'B' is a black disc, 'W' a white disc, '.' an empty square.

    a b c d e f g h
  1 . W W W W W W .
  2 W B W W B W . B
  3 . B B W W W W B
  4 B B W B W W W B
  5 B B W W B W W B
  6 W . B W W B W B
  7 . . W W W W W B
  8 . . . W B W W B

Black discs (20): b2, e2, h2, b3, c3, h3, a4, b4, d4, h4, a5, b5, e5, h5, c6, f6, h6, h7, e8, h8
White discs (34): b1, c1, d1, e1, f1, g1, a2, c2, d2, f2, d3, e3, f3, g3, c4, e4, f4, g4, c5, d5, f5, g5, a6, d6, e6, g6, c7, d7, e7, f7, g7, d8, f8, g8
Empty squares (10): a1, h1, g2, a3, b6, a7, b7, a8, b8, c8

Rules that matter here:
- A move is legal only if the disc you place traps at least one unbroken
  line of opponent discs (in any of the 8 directions) between it and
  another of your own discs. Every trapped disc flips to your colour.
- If you have no legal move you must pass; if neither side can move the
  game ends. Whoever has more discs at the end wins.
- Discs flip back and forth all game, so being behind now means nothing.
  Only the final count decides it.

Your legal moves: g2, b6, a7, b7, b8, c8

Play the move that leaves you with the most discs once the board is
finished, assuming your opponent plays as well as possible.
Answer with a single square, e.g. d3.
DO NOT ATTEMPT TO SIMULATE THE FULL GAMEPLAY. YOU HAVE LIMITED TIME.

The above exception was the direct cause of the following exception:

Traceback (most recent call last):
  File "/data/home/siyanli/miniconda3/envs/citrus/lib/python3.10/site-packages/pydantic_ai/_agent_graph.py", line 1235, in _run_stream
    self._next_node = await self._handle_text_response(ctx, text, text_processor)
  File "/data/home/siyanli/miniconda3/envs/citrus/lib/python3.10/site-packages/pydantic_ai/_agent_graph.py", line 1330, in _handle_text_response
    result_data = await _output.run_output_with_hooks(
  File "/data/home/siyanli/miniconda3/envs/citrus/lib/python3.10/site-packages/pydantic_ai/_output.py", line 355, in run_output_with_hooks
    result = await run_output_process_hooks(
  File "/data/home/siyanli/miniconda3/envs/citrus/lib/python3.10/site-packages/pydantic_ai/_output.py", line 226, in run_output_process_hooks
    raise _make_retry_prompt(e, run_context) from e
pydantic_ai.exceptions.ToolRetryError: You have not finished the puzzle yet. Naming a square in your reply does NOT play it — you must call the play_move tool. Keep playing until the board is finished.

Othello endgame. You are Black (B); White (W) is your opponent.

Board — row 1 is the TOP row, column a is the LEFTMOST column.
'B' is a black disc, 'W' a white disc, '.' an empty square.

    a b c d e f g h
  1 . W W W W W W .
  2 W B W W B W . B
  3 . B B W W W W B
  4 B B W B W W W B
  5 B B W W B W W B
  6 W . B W W B W B
  7 . . W W W W W B
  8 . . . W B W W B

Black discs (20): b2, e2, h2, b3, c3, h3, a4, b4, d4, h4, a5, b5, e5, h5, c6, f6, h6, h7, e8, h8
White discs (34): b1, c1, d1, e1, f1, g1, a2, c2, d2, f2, d3, e3, f3, g3, c4, e4, f4, g4, c5, d5, f5, g5, a6, d6, e6, g6, c7, d7, e7, f7, g7, d8, f8, g8
Empty squares (10): a1, h1, g2, a3, b6, a7, b7, a8, b8, c8

Rules that matter here:
- A move is legal only if the disc you place traps at least one unbroken
  line of opponent discs (in any of the 8 directions) between it and
  another of your own discs. Every trapped disc flips to your colour.
- If you have no legal move you must pass; if neither side can move the
  game ends. Whoever has more discs at the end wins.
- Discs flip back and forth all game, so being behind now means nothing.
  Only the final count decides it.

Your legal moves: g2, b6, a7, b7, b8, c8

Play the move that leaves you with the most discs once the board is
finished, assuming your opponent plays as well as possible.
Answer with a single square, e.g. d3.
DO NOT ATTEMPT TO SIMULATE THE FULL GAMEPLAY. YOU HAVE LIMITED TIME.

The above exception was the direct cause of the following exception:

Traceback (most recent call last):
  File "/data/home/siyanli/agentic_sim/bad_user_sim/agentic_sim.py", line 488, in <module>
    runs = sim.run()                     # every round the study runs, in order
  File "/data/home/siyanli/agentic_sim/bad_user_sim/agentic_sim.py", line 362, in run
    self.result = self._play_puzzle(puzzle_id, rnd["ai"], history)
  File "/data/home/siyanli/agentic_sim/bad_user_sim/agentic_sim.py", line 383, in _play_puzzle
    return student_agent.run_sync(
  File "/data/home/siyanli/miniconda3/envs/citrus/lib/python3.10/site-packages/pydantic_ai/agent/abstract.py", line 582, in run_sync
    return _utils.get_event_loop().run_until_complete(
  File "/data/home/siyanli/miniconda3/envs/citrus/lib/python3.10/asyncio/base_events.py", line 649, in run_until_complete
    return future.result()
  File "/data/home/siyanli/miniconda3/envs/citrus/lib/python3.10/site-packages/pydantic_ai/agent/abstract.py", line 446, in run
    node = await agent_run.next(node)  # pyright: ignore[reportArgumentType]
  File "/data/home/siyanli/miniconda3/envs/citrus/lib/python3.10/site-packages/pydantic_ai/run.py", line 404, in next
    return await self._run_node_with_hooks(node, self._advance_graph)
  File "/data/home/siyanli/miniconda3/envs/citrus/lib/python3.10/site-packages/pydantic_ai/run.py", line 328, in _run_node_with_hooks
    return await self._wrap_and_advance(run_context, node, step_fn)
  File "/data/home/siyanli/miniconda3/envs/citrus/lib/python3.10/site-packages/pydantic_ai/run.py", line 298, in _wrap_and_advance
    result = await cap.on_node_run_error(run_context, node=node, error=e)
  File "/data/home/siyanli/miniconda3/envs/citrus/lib/python3.10/site-packages/pydantic_ai/capabilities/combined.py", line 331, in on_node_run_error
    raise error
  File "/data/home/siyanli/miniconda3/envs/citrus/lib/python3.10/site-packages/pydantic_ai/capabilities/combined.py", line 328, in on_node_run_error
    return await capability.on_node_run_error(cap_ctx, node=node, error=error)
  File "/data/home/siyanli/miniconda3/envs/citrus/lib/python3.10/site-packages/pydantic_ai/capabilities/abstract.py", line 536, in on_node_run_error
    raise error
  File "/data/home/siyanli/miniconda3/envs/citrus/lib/python3.10/site-packages/pydantic_ai/capabilities/combined.py", line 328, in on_node_run_error
    return await capability.on_node_run_error(cap_ctx, node=node, error=error)
  File "/data/home/siyanli/miniconda3/envs/citrus/lib/python3.10/site-packages/pydantic_ai/capabilities/abstract.py", line 536, in on_node_run_error
    raise error
  File "/data/home/siyanli/miniconda3/envs/citrus/lib/python3.10/site-packages/pydantic_ai/run.py", line 296, in _wrap_and_advance
    result = await cap.wrap_node_run(run_context, node=node, handler=step_fn)
  File "/data/home/siyanli/miniconda3/envs/citrus/lib/python3.10/site-packages/pydantic_ai/capabilities/combined.py", line 314, in wrap_node_run
    return await chain(node)
  File "/data/home/siyanli/miniconda3/envs/citrus/lib/python3.10/site-packages/pydantic_ai/capabilities/combined.py", line 745, in wrapped
    return await cap.wrap_node_run(_ctx_for_cap(cap, ctx), node=node, handler=inner)
  File "/data/home/siyanli/miniconda3/envs/citrus/lib/python3.10/site-packages/pydantic_ai/capabilities/abstract.py", line 515, in wrap_node_run
    return await handler(node)
  File "/data/home/siyanli/miniconda3/envs/citrus/lib/python3.10/site-packages/pydantic_ai/capabilities/combined.py", line 745, in wrapped
    return await cap.wrap_node_run(_ctx_for_cap(cap, ctx), node=node, handler=inner)
  File "/data/home/siyanli/miniconda3/envs/citrus/lib/python3.10/site-packages/pydantic_ai/capabilities/abstract.py", line 515, in wrap_node_run
    return await handler(node)
  File "/data/home/siyanli/miniconda3/envs/citrus/lib/python3.10/site-packages/pydantic_ai/run.py", line 274, in _advance_graph
    task = await self._graph_run.next(task)
  File "/data/home/siyanli/miniconda3/envs/citrus/lib/python3.10/site-packages/pydantic_graph/graph_builder.py", line 557, in next
    return await anext(self)
  File "/data/home/siyanli/miniconda3/envs/citrus/lib/python3.10/site-packages/pydantic_graph/graph_builder.py", line 534, in __anext__
    raise self._next.error
  File "/data/home/siyanli/miniconda3/envs/citrus/lib/python3.10/site-packages/pydantic_graph/graph_builder.py", line 844, in _run_tracked_task
    result = await self._run_task(t_)
  File "/data/home/siyanli/miniconda3/envs/citrus/lib/python3.10/site-packages/pydantic_graph/graph_builder.py", line 886, in _run_task
    output = await node.call(step_context)
  File "/data/home/siyanli/miniconda3/envs/citrus/lib/python3.10/site-packages/pydantic_graph/step.py", line 253, in _call_node
    return await node.run(GraphRunContext(state=ctx.state, deps=ctx.deps))
  File "/data/home/siyanli/miniconda3/envs/citrus/lib/python3.10/site-packages/pydantic_ai/_agent_graph.py", line 1069, in run
    async with self.stream(ctx):
  File "/data/home/siyanli/miniconda3/envs/citrus/lib/python3.10/contextlib.py", line 206, in __aexit__
    await anext(self.gen)
  File "/data/home/siyanli/miniconda3/envs/citrus/lib/python3.10/site-packages/pydantic_ai/_agent_graph.py", line 1089, in stream
    async for _event in stream:
  File "/data/home/siyanli/miniconda3/envs/citrus/lib/python3.10/site-packages/pydantic_ai/_agent_graph.py", line 1253, in _run_stream
    async for event in self._events_iterator:
  File "/data/home/siyanli/miniconda3/envs/citrus/lib/python3.10/site-packages/pydantic_ai/_agent_graph.py", line 1247, in _run_stream
    ctx.state.consume_output_retry(ctx.deps.max_output_retries, error=e)
  File "/data/home/siyanli/miniconda3/envs/citrus/lib/python3.10/site-packages/pydantic_ai/_agent_graph.py", line 178, in consume_output_retry
    raise exceptions.UnexpectedModelBehavior(message) from error
pydantic_ai.exceptions.UnexpectedModelBehavior: Exceeded maximum output retries (12)
