    (HTTP 429: waiting 2s, attempt 1)
    (HTTP 429: waiting 4s, attempt 2)
    (HTTP 429: waiting 8s, attempt 3)
    (HTTP 429: waiting 16s, attempt 4)
    (HTTP 429: waiting 32s, attempt 5)
    (HTTP 429: waiting 64s, attempt 6)
2026/08/13 23:36:28 WARNING dspy.clients.lm: LM response was truncated due to exceeding max_tokens=16384. You can inspect the latest LM interactions with `dspy.inspect_history()`. To avoid truncation, consider passing a larger max_tokens when setting up dspy.LM. You may also consider increasing the temperature (currently None)  if the reason for truncation is repetition.
    (HTTP 429: waiting 2s, attempt 1)
    (HTTP 429: waiting 4s, attempt 2)
    (HTTP 429: waiting 8s, attempt 3)
    (HTTP 429: waiting 16s, attempt 4)
2026/08/13 23:43:42 WARNING dspy.clients.lm: LM response was truncated due to exceeding max_tokens=16384. You can inspect the latest LM interactions with `dspy.inspect_history()`. To avoid truncation, consider passing a larger max_tokens when setting up dspy.LM. You may also consider increasing the temperature (currently None)  if the reason for truncation is repetition.
    (moonshotai/Kimi-K2.6: max_tokens 200000 -> 50000)
    (HTTP 429: waiting 2s, attempt 1)
    (HTTP 429: waiting 4s, attempt 2)
2026/08/13 23:55:07 WARNING dspy.clients.lm: LM response was truncated due to exceeding max_tokens=16384. You can inspect the latest LM interactions with `dspy.inspect_history()`. To avoid truncation, consider passing a larger max_tokens when setting up dspy.LM. You may also consider increasing the temperature (currently None)  if the reason for truncation is repetition.
    (HTTP 503: waiting 2s, attempt 1)
    (HTTP 429: waiting 2s, attempt 1)
2026/08/14 00:10:50 WARNING dspy.clients.lm: LM response was truncated due to exceeding max_tokens=16384. You can inspect the latest LM interactions with `dspy.inspect_history()`. To avoid truncation, consider passing a larger max_tokens when setting up dspy.LM. You may also consider increasing the temperature (currently None)  if the reason for truncation is repetition.
2026/08/14 00:18:35 WARNING dspy.clients.lm: LM response was truncated due to exceeding max_tokens=16384. You can inspect the latest LM interactions with `dspy.inspect_history()`. To avoid truncation, consider passing a larger max_tokens when setting up dspy.LM. You may also consider increasing the temperature (currently None)  if the reason for truncation is repetition.
    (HTTP 429: waiting 2s, attempt 1)
    (HTTP 429: waiting 4s, attempt 2)
2026/08/14 00:25:34 WARNING dspy.clients.lm: LM response was truncated due to exceeding max_tokens=16384. You can inspect the latest LM interactions with `dspy.inspect_history()`. To avoid truncation, consider passing a larger max_tokens when setting up dspy.LM. You may also consider increasing the temperature (currently None)  if the reason for truncation is repetition.
    (HTTP 429: waiting 2s, attempt 1)
    (HTTP 429: waiting 2s, attempt 1)
    (HTTP 429: waiting 4s, attempt 2)
round 0 oc20260727   ai=True  questions=5 2/4 optimal  won=False
round 1 b220260706   ai=False questions=0 3/3 optimal  won=True
round 1 bg20260726   ai=False questions=0 2/3 optimal  won=False
